// Vitest Snapshot v1, https://vitest.dev/guide/snapshot.html

exports[`elementsMatrix > extraction output is stable 1`] = `
[
  "the-beast: helix, multiLift, tunnel",
  "mystic-timbers: airtime, themed",
  "the-bat: feetDangle",
  "queen-city-stunt-coaster: launch, themed",
  "the-racer: racing",
  "woodstock-express-ki: ",
  "flight-of-fear: indoor, inverting, launch",
  "banshee: feetDangle, inverting",
  "diamondback: airtime, water",
  "orion: airtime",
  "invertigo: backwards, feetDangle, inverting, multiLift",
  "adventure-express: multiLift, themed, tunnel",
  "rock-n-roller-coaster: indoor, inverting, launch",
  "seven-dwarfs-mine-train: themed",
  "slinky-dog-dash: launch",
  "expedition-everest: backwards, themed",
  "the-barnstormer: ",
  "big-thunder-mountain-railroad: multiLift, themed",
  "guardians-cosmic-rewind: backwards, indoor, launch",
  "blue-ridge-mountain-coaster: ",
  "woodstock-express-cw: ",
  "fury-325: airtime, helix",
  "thunder-striker: airtime",
  "carolina-cyclone: inverting",
  "ricochet: ",
  "montu: feetDangle, inverting",
  "sheikra: beyondVertical, inverting, tunnel, water",
  "iron-gwazi: airtime, beyondVertical, inverting",
  "kumba: inverting",
  "phoenix-rising: feetDangle",
  "tigris: backwards, beyondVertical, inverting, launch",
  "cheetah-hunt: inverting, launch, tunnel, water",
  "mako: airtime",
  "pipeline-surf-coaster: inverting",
  "kraken: inverting",
]
`;
